// Jest Snapshot v1, https://goo.gl/fbAQLP

exports[`does not mock 'boolean' primitive 1`] = `"Cannot spyOn on a primitive value; 'true' given."`;

exports[`does not mock 'null' primitive 1`] = `"Cannot spyOn on a primitive value; 'null' given."`;

exports[`does not mock 'number' primitive 1`] = `"Cannot spyOn on a primitive value; '99' given."`;

exports[`does not mock 'string' primitive 1`] = `"Cannot spyOn on a primitive value; 'value' given."`;

exports[`does not mock 'undefined' primitive 1`] = `"Cannot spyOn on a primitive value; 'undefined' given."`;

exports[`does not mock object getter property 1`] = `"Cannot spy on the property 'propZ' because it is a function. Please use \`jest.spyOn\`."`;

exports[`does not mock object method property 1`] = `"Cannot spy on the property 'fn1' because it is a function. Please use \`jest.spyOn\`."`;

exports[`does not mock object non-configurable property 1`] = `"Cannot spy on the property 'propUnconfigurable' because it is not defined."`;

exports[`does not mock object setter property 1`] = `"Cannot spy on the property 'propY' because it is a function. Please use \`jest.spyOn\`."`;

exports[`does not mock object undefined property 1`] = `"Cannot spy on the property 'propUndefined' because it is not defined."`;

exports[`throws error on mockClear 1`] = `"Cannot \`mockClear\` on property spy."`;
